2026-09-29 10:23:34.548 [INFO] [full.py:510] === Старт процесса выгрузки справочников Artix SCO (martin_etl) ===
2026-09-29 10:23:35.046 [INFO] [full.py:142] Соединение с MS SQL Server успешно установлено.
2026-09-29 10:23:35.047 [INFO] [full.py:194] Начало извлечения единиц измерения (addUnit)...
2026-09-29 10:23:35.068 [INFO] [full.py:205] Получено единиц измерения из MS SQL: 7
2026-09-29 10:23:35.068 [INFO] [full.py:219] Начало извлечения групп товаров (addInventGroup)...
2026-09-29 10:23:35.124 [INFO] [full.py:235] Получено групп товаров из MS SQL: 1660
2026-09-29 10:23:35.130 [INFO] [full.py:249] Начало извлечения карточек товаров (addInventItem)...
2026-09-29 10:23:38.442 [INFO] [full.py:270] Получено товаров из MS SQL: 66305
2026-09-29 10:23:39.140 [INFO] [full.py:296] Начало извлечения штрих-кодов (addBarcode)...
2026-09-29 10:23:42.461 [INFO] [full.py:312] Получено штрих-кодов из MS SQL: 70304
2026-09-29 10:23:43.136 [INFO] [full.py:329] Начало извлечения розничных цен (addPrice)...
2026-09-29 10:23:44.506 [INFO] [full.py:340] Получено цен переоценки из MS SQL: 70304
2026-09-29 10:23:45.017 [INFO] [full.py:357] Начало извлечения дополнительных цен/уценки (addAdditionalPrice)...
2026-09-29 10:23:45.111 [INFO] [full.py:368] Получено позиций уценки из MS SQL: 0
2026-09-29 10:23:45.111 [INFO] [full.py:383] Начало извлечения элементов пиклиста (addPicklist)...
2026-09-29 10:23:49.519 [INFO] [full.py:469] Картинки пиклиста: из кэша=23, сжато заново=0
2026-09-29 10:23:49.522 [INFO] [full.py:483] Формирование пакета AIF (208603 команд): /obmen/dict/410/pos.aif.tmp
2026-09-29 10:23:56.201 [INFO] [full.py:491] Размер сформированного пакета: 48.76 МБ
2026-09-29 10:23:56.201 [INFO] [full.py:495] Файл AIF опубликован: /obmen/dict/410/pos.aif
2026-09-29 10:23:56.313 [INFO] [backup_manager.py:31] Создана резервная копия AIF-файла: /home/pos/scripts/martinn/full/backup/pos_20260929_102356.aif
2026-09-29 10:23:56.314 [INFO] [full.py:503] Создан файл-флаг активации импорта: /obmen/dict/410/pos.flz
2026-09-29 10:23:56.338 [INFO] [full.py:113] Статус синхронизации 'full_dictionary_sync' успешно записан в martin_etl: records=208603, status=SUCCESS
2026-09-29 10:23:56.340 [INFO] [full.py:533] === Выгрузка успешно завершена за 21.79 сек. Команд: 208603 ===
2026-09-29 10:37:15.302 [INFO] [main.py:300] === Старт выгрузки справочников Artix SCO ===
2026-09-29 10:37:15.983 [INFO] [main.py:141] Соединение с MS SQL Server успешно установлено.
2026-09-29 10:37:15.984 [INFO] [main.py:193] Извлечение единиц измерения (addUnit)...
2026-09-29 10:37:16.011 [INFO] [main.py:113] Статус синхронизации 'full_dictionary_sync' записан: records=0, status=ERROR
2026-09-29 10:37:16.012 [CRITICAL] [main.py:330] Критический сбой ETL спустя 0.68 сек: SQL-файл не найден: /home/pos/scripts/martinn/full/sql/01_add_unit.sql
Traceback (most recent call last):
  File "/home/pos/scripts/martinn/full/main.py", line 308, in main
    all_commands.extend(fetch_units(cursor))
  File "/home/pos/scripts/martinn/full/main.py", line 194, in fetch_units
    sql = sql_loader.get_query("01_add_unit.sql")
  File "/home/pos/scripts/martinn/full/src/sql_loader.py", line 11, in get_query
    raise FileNotFoundError(f"SQL-файл не найден: {filepath}")
FileNotFoundError: SQL-файл не найден: /home/pos/scripts/martinn/full/sql/01_add_unit.sql
2026-09-29 10:38:58.131 [INFO] [main.py:300] === Старт выгрузки справочников Artix SCO ===
2026-09-29 10:38:58.633 [INFO] [main.py:141] Соединение с MS SQL Server успешно установлено.
2026-09-29 10:38:58.633 [INFO] [main.py:193] Извлечение единиц измерения (addUnit)...
2026-09-29 10:38:58.661 [INFO] [main.py:113] Статус синхронизации 'full_dictionary_sync' записан: records=0, status=ERROR
2026-09-29 10:38:58.663 [CRITICAL] [main.py:330] Критический сбой ETL спустя 0.50 сек: ('HY090', '[HY090] [unixODBC][Driver Manager]Invalid string or buffer length (0) (SQLExecDirectW)')
Traceback (most recent call last):
  File "/home/pos/scripts/martinn/full/main.py", line 308, in main
    all_commands.extend(fetch_units(cursor))
  File "/home/pos/scripts/martinn/full/main.py", line 195, in fetch_units
    cursor.execute(sql)
pyodbc.Error: ('HY090', '[HY090] [unixODBC][Driver Manager]Invalid string or buffer length (0) (SQLExecDirectW)')
2026-09-29 10:41:42.398 [INFO] [main.py:300] === Старт выгрузки справочников Artix SCO ===
2026-09-29 10:41:42.948 [INFO] [main.py:141] Соединение с MS SQL Server успешно установлено.
2026-09-29 10:41:42.948 [INFO] [main.py:193] Извлечение единиц измерения (addUnit)...
2026-09-29 10:41:42.977 [INFO] [main.py:200] Извлечение групп товаров (addInventGroup)...
2026-09-29 10:41:43.037 [INFO] [main.py:207] Извлечение карточек товаров (addInventItem)...
2026-09-29 10:41:47.638 [INFO] [main.py:226] Извлечение штрих-кодов (addBarcode)...
2026-09-29 10:41:51.944 [INFO] [main.py:233] Извлечение розничных цен (addPrice)...
2026-09-29 10:41:55.116 [INFO] [main.py:240] Извлечение дополнительных цен/уценки (addAdditionalPrice)...
2026-09-29 10:41:55.236 [INFO] [main.py:247] Извлечение пиклиста (addPicklist)...
2026-09-29 10:42:00.109 [INFO] [main.py:263] Картинки пиклиста: из кэша=23, сжато заново=0
2026-09-29 10:42:00.123 [INFO] [main.py:277] Формирование пакета AIF (208603 команд)...
2026-09-29 10:42:04.932 [INFO] [backup_manager.py:31] Создана резервная копия AIF-файла: /home/pos/scripts/martinn/full/backup/pos_20260929_104204.aif
2026-09-29 10:42:04.933 [INFO] [main.py:293] Пакет опубликован и флаг готовности создан.
2026-09-29 10:42:04.948 [INFO] [main.py:113] Статус синхронизации 'full_dictionary_sync' записан: records=208603, status=SUCCESS
2026-09-29 10:42:04.949 [INFO] [main.py:323] === Выгрузка завершена за 22.55 сек. Команд: 208603 ===
2026-09-29 10:43:12.087 [INFO] [main.py:300] === Старт выгрузки справочников Artix SCO ===
2026-09-29 10:43:12.581 [INFO] [main.py:141] Соединение с MS SQL Server успешно установлено.
2026-09-29 10:43:12.582 [INFO] [main.py:193] Извлечение единиц измерения (addUnit)...
2026-09-29 10:43:12.607 [INFO] [main.py:200] Извлечение групп товаров (addInventGroup)...
2026-09-29 10:43:12.703 [INFO] [main.py:207] Извлечение карточек товаров (addInventItem)...
2026-09-29 10:43:18.608 [INFO] [main.py:226] Извлечение штрих-кодов (addBarcode)...
2026-09-29 10:43:23.348 [INFO] [main.py:233] Извлечение розничных цен (addPrice)...
2026-09-29 10:43:25.813 [INFO] [main.py:240] Извлечение дополнительных цен/уценки (addAdditionalPrice)...
2026-09-29 10:43:25.889 [INFO] [main.py:247] Извлечение пиклиста (addPicklist)...
2026-09-29 10:43:29.061 [INFO] [main.py:263] Картинки пиклиста: из кэша=23, сжато заново=0
2026-09-29 10:43:29.063 [INFO] [main.py:277] Формирование пакета AIF (208603 команд)...
2026-09-29 10:43:34.131 [INFO] [backup_manager.py:31] Создана резервная копия AIF-файла: /home/pos/scripts/martinn/full/backup/pos_20260929_104333.aif
2026-09-29 10:43:34.132 [INFO] [main.py:293] Пакет опубликован и флаг готовности создан.
2026-09-29 10:43:34.161 [INFO] [main.py:113] Статус синхронизации 'full_dictionary_sync' записан: records=208603, status=SUCCESS
2026-09-29 10:43:34.163 [INFO] [main.py:323] === Выгрузка завершена за 22.08 сек. Команд: 208603 ===
2026-09-29 11:02:25.740 [INFO] [main.py:300] === Старт выгрузки справочников Artix SCO ===
2026-09-29 11:02:26.418 [INFO] [main.py:141] Соединение с MS SQL Server успешно установлено.
2026-09-29 11:02:26.419 [INFO] [main.py:193] Извлечение единиц измерения (addUnit)...
2026-09-29 11:02:26.534 [INFO] [main.py:200] Извлечение групп товаров (addInventGroup)...
2026-09-29 11:02:26.664 [INFO] [main.py:207] Извлечение карточек товаров (addInventItem)...
2026-09-29 11:02:30.474 [INFO] [main.py:113] Статус синхронизации 'full_dictionary_sync' записан: records=0, status=ERROR
2026-09-29 11:02:30.475 [CRITICAL] [main.py:330] Критический сбой ETL спустя 4.71 сек: 'pyodbc.Row' object has no attribute 'age'
Traceback (most recent call last):
  File "/home/pos/scripts/martinn/full/main.py", line 310, in main
    all_commands.extend(fetch_items(cursor))
  File "/home/pos/scripts/martinn/full/main.py", line 211, in fetch_items
    return [{
  File "/home/pos/scripts/martinn/full/main.py", line 219, in <listcomp>
    "options": {"quantityoptions": {"requirequantityscales": bool(r.requirequantityscales)}, "inventitemoptions": {"ageverify": 1 if r.age > 0 else 0}},
AttributeError: 'pyodbc.Row' object has no attribute 'age'
2026-09-29 11:02:30.840 [INFO] [main.py:300] === Старт выгрузки справочников Artix SCO ===
2026-09-29 11:02:30.878 [INFO] [main.py:141] Соединение с MS SQL Server успешно установлено.
2026-09-29 11:02:30.879 [INFO] [main.py:193] Извлечение единиц измерения (addUnit)...
2026-09-29 11:02:30.881 [INFO] [main.py:200] Извлечение групп товаров (addInventGroup)...
2026-09-29 11:02:30.929 [INFO] [main.py:207] Извлечение карточек товаров (addInventItem)...
2026-09-29 11:02:33.786 [INFO] [main.py:113] Статус синхронизации 'full_dictionary_sync' записан: records=0, status=ERROR
2026-09-29 11:02:33.787 [CRITICAL] [main.py:330] Критический сбой ETL спустя 2.92 сек: 'pyodbc.Row' object has no attribute 'age'
Traceback (most recent call last):
  File "/home/pos/scripts/martinn/full/main.py", line 310, in main
    all_commands.extend(fetch_items(cursor))
  File "/home/pos/scripts/martinn/full/main.py", line 211, in fetch_items
    return [{
  File "/home/pos/scripts/martinn/full/main.py", line 219, in <listcomp>
    "options": {"quantityoptions": {"requirequantityscales": bool(r.requirequantityscales)}, "inventitemoptions": {"ageverify": 1 if r.age > 0 else 0}},
AttributeError: 'pyodbc.Row' object has no attribute 'age'
2026-09-29 11:02:50.210 [INFO] [main.py:300] === Старт выгрузки справочников Artix SCO ===
2026-09-29 11:02:50.516 [INFO] [main.py:141] Соединение с MS SQL Server успешно установлено.
2026-09-29 11:02:50.517 [INFO] [main.py:193] Извлечение единиц измерения (addUnit)...
2026-09-29 11:02:50.532 [INFO] [main.py:200] Извлечение групп товаров (addInventGroup)...
2026-09-29 11:02:50.595 [INFO] [main.py:207] Извлечение карточек товаров (addInventItem)...
2026-09-29 11:02:54.680 [INFO] [main.py:226] Извлечение штрих-кодов (addBarcode)...
2026-09-29 11:02:58.403 [INFO] [main.py:233] Извлечение розничных цен (addPrice)...
2026-09-29 11:03:00.609 [INFO] [main.py:240] Извлечение дополнительных цен/уценки (addAdditionalPrice)...
2026-09-29 11:03:00.666 [INFO] [main.py:247] Извлечение пиклиста (addPicklist)...
2026-09-29 11:03:03.620 [INFO] [main.py:263] Картинки пиклиста: из кэша=23, сжато заново=0
2026-09-29 11:03:03.623 [INFO] [main.py:277] Формирование пакета AIF (208603 команд)...
2026-09-29 11:03:11.328 [INFO] [backup_manager.py:31] Создана резервная копия AIF-файла: /home/pos/scripts/martinn/full/backup/pos_20260929_110311.aif
2026-09-29 11:03:11.329 [INFO] [main.py:293] Пакет опубликован и флаг готовности создан.
2026-09-29 11:03:11.382 [INFO] [main.py:113] Статус синхронизации 'full_dictionary_sync' записан: records=208603, status=SUCCESS
2026-09-29 11:03:11.384 [INFO] [main.py:323] === Выгрузка завершена за 21.17 сек. Команд: 208603 ===
2026-09-29 11:06:03.006 [INFO] [main.py:300] === Старт выгрузки справочников Artix SCO ===
2026-09-29 11:06:03.296 [INFO] [main.py:141] Соединение с MS SQL Server успешно установлено.
2026-09-29 11:06:03.296 [INFO] [main.py:193] Извлечение единиц измерения (addUnit)...
2026-09-29 11:06:03.310 [INFO] [main.py:200] Извлечение групп товаров (addInventGroup)...
2026-09-29 11:06:03.385 [INFO] [main.py:207] Извлечение карточек товаров (addInventItem)...
2026-09-29 11:06:07.720 [INFO] [main.py:226] Извлечение штрих-кодов (addBarcode)...
2026-09-29 11:06:11.926 [INFO] [main.py:233] Извлечение розничных цен (addPrice)...
2026-09-29 11:06:14.009 [INFO] [main.py:240] Извлечение дополнительных цен/уценки (addAdditionalPrice)...
2026-09-29 11:06:14.071 [INFO] [main.py:247] Извлечение пиклиста (addPicklist)...
2026-09-29 11:06:17.716 [INFO] [main.py:263] Картинки пиклиста: из кэша=23, сжато заново=0
2026-09-29 11:06:17.719 [INFO] [main.py:277] Формирование пакета AIF (208603 команд)...
2026-09-29 11:06:25.257 [INFO] [backup_manager.py:31] Создана резервная копия AIF-файла: /home/pos/scripts/martinn/full/backup/pos_20260929_110625.aif
2026-09-29 11:06:25.258 [INFO] [main.py:293] Пакет опубликован и флаг готовности создан.
2026-09-29 11:06:25.293 [INFO] [main.py:113] Статус синхронизации 'full_dictionary_sync' записан: records=208603, status=SUCCESS
2026-09-29 11:06:25.295 [INFO] [main.py:323] === Выгрузка завершена за 22.29 сек. Команд: 208603 ===
2026-09-29 11:43:07.214 [INFO] [main.py:336] === Старт выгрузки справочников Artix SCO ===
2026-09-29 11:43:07.608 [INFO] [main.py:141] Соединение с MS SQL Server успешно установлено.
2026-09-29 11:43:07.608 [INFO] [main.py:193] Извлечение единиц измерения (addUnit)...
2026-09-29 11:43:07.625 [INFO] [main.py:200] Извлечение групп товаров (addInventGroup)...
2026-09-29 11:43:07.776 [INFO] [main.py:113] Статус синхронизации 'full_dictionary_sync' записан: records=0, status=ERROR
2026-09-29 11:43:07.779 [CRITICAL] [main.py:366] Критический сбой ETL спустя 0.52 сек: fetch_items() missing 2 required positional arguments: 'sql_loader' and 'restricted_categories_set'
Traceback (most recent call last):
  File "/home/pos/scripts/martinn/full/main.py", line 346, in main
    all_commands.extend(fetch_items(cursor))
TypeError: fetch_items() missing 2 required positional arguments: 'sql_loader' and 'restricted_categories_set'
2026-09-29 11:46:24.195 [INFO] [main.py:300] === Старт выгрузки справочников Artix SCO ===
2026-09-29 11:46:24.497 [INFO] [main.py:141] Соединение с MS SQL Server успешно установлено.
2026-09-29 11:46:24.498 [INFO] [main.py:193] Извлечение единиц измерения (addUnit)...
2026-09-29 11:46:24.511 [INFO] [main.py:200] Извлечение групп товаров (addInventGroup)...
2026-09-29 11:46:24.575 [INFO] [main.py:207] Извлечение карточек товаров (addInventItem)...
2026-09-29 11:46:28.040 [INFO] [main.py:113] Статус синхронизации 'full_dictionary_sync' записан: records=0, status=ERROR
2026-09-29 11:46:28.041 [CRITICAL] [main.py:330] Критический сбой ETL спустя 3.83 сек: 'pyodbc.Row' object has no attribute 'age'
Traceback (most recent call last):
  File "/home/pos/scripts/martinn/full/main.py", line 310, in main
    all_commands.extend(fetch_items(cursor))
  File "/home/pos/scripts/martinn/full/main.py", line 211, in fetch_items
    return [{
  File "/home/pos/scripts/martinn/full/main.py", line 219, in <listcomp>
    "options": {"quantityoptions": {"requirequantityscales": bool(r.requirequantityscales)}, "inventitemoptions": {"ageverify": 1 if r.age > 0 else 0}},
AttributeError: 'pyodbc.Row' object has no attribute 'age'
